// Jest Snapshot v1, https://goo.gl/fbAQLP

exports[`CreateInventoryItem renders CreateInventoryItem correctly 1`] = `
<RCTScrollView
  automaticallyAdjustContentInsets={false}
  contentInset={
    Object {
      "bottom": 0,
    }
  }
  enableAutomaticScroll={true}
  enableOnAndroid={false}
  enableResetScrollToCoords={true}
  extraHeight={75}
  extraScrollHeight={0}
  getScrollResponder={[Function]}
  handleOnScroll={[Function]}
  keyboardDismissMode="interactive"
  keyboardOpeningTime={250}
  keyboardSpace={0}
  onScroll={[Function]}
  resetKeyboardSpace={[Function]}
  scrollEventThrottle={1}
  scrollForExtraHeightOnAndroid={[Function]}
  scrollIntoView={[Function]}
  scrollToEnd={[Function]}
  scrollToFocusedInput={[Function]}
  scrollToPosition={[Function]}
  showsVerticalScrollIndicator={true}
  update={[Function]}
  viewIsInsideTabBar={false}
>
  <View>
    <View
      style={
        Object {
          "flex": 1,
        }
      }
    >
      <View
        style={
          Array [
            Object {
              "alignItems": "center",
              "flexDirection": "row",
              "height": 83.375,
            },
            null,
            null,
          ]
        }
      >
        <View
          style={
            Object {
              "left": 15,
              "position": "absolute",
              "zIndex": 1,
            }
          }
        >
          <View
            accessible={true}
            collapsable={false}
            focusable={true}
            onClick={[Function]}
            onResponderGrant={[Function]}
            onResponderMove={[Function]}
            onResponderRelease={[Function]}
            onResponderTerminate={[Function]}
            onResponderTerminationRequest={[Function]}
            onStartShouldSetResponder={[Function]}
            style={
              Object {
                "opacity": 1,
              }
            }
          >
            <Text
              allowFontScaling={false}
              selectable={false}
              style={
                Array [
                  Object {
                    "color": "#1D1F20",
                    "fontSize": 16,
                  },
                  undefined,
                  Object {
                    "fontFamily": "FontAwesome5Free-Solid",
                    "fontStyle": "normal",
                    "fontWeight": "normal",
                  },
                  Object {
                    "fontWeight": "900",
                  },
                ]
              }
            >
              
            </Text>
          </View>
        </View>
        <View
          style={
            Object {
              "alignItems": "center",
              "bottom": 0,
              "justifyContent": "center",
              "left": 0,
              "position": "absolute",
              "right": 0,
              "top": 0,
            }
          }
        >
          <Text
            style={
              Array [
                Object {
                  "fontFamily": "Roboto-Bold",
                  "fontSize": 26.5,
                  "fontWeight": "bold",
                },
                Object {
                  "color": "#1D1F20",
                  "fontSize": 29.5,
                },
              ]
            }
          >
            Create Inventory
          </Text>
        </View>
      </View>
      <View
        style={
          Object {
            "marginHorizontal": 24.5,
            "marginTop": 33,
          }
        }
      >
        <View
          accessible={true}
          focusable={true}
          onClick={[Function]}
          onLayout={[Function]}
          onResponderGrant={[Function]}
          onResponderMove={[Function]}
          onResponderRelease={[Function]}
          onResponderTerminate={[Function]}
          onResponderTerminationRequest={[Function]}
          onStartShouldSetResponder={[Function]}
          style={
            Object {
              "flexDirection": "row",
              "flexGrow": 1,
            }
          }
        >
          <View
            style={
              Object {
                "alignContent": "center",
                "alignItems": "center",
                "backgroundColor": "#00000000",
                "borderColor": "#49658c",
                "borderRadius": 12,
                "borderWidth": 2,
                "color": "#49658c",
                "flex": 1,
                "flexDirection": "row",
                "justifyContent": "center",
                "paddingBottom": 10,
                "paddingHorizontal": 11,
                "paddingTop": 10,
                "zIndex": 993,
              }
            }
          >
            <View
              style={
                Object {
                  "flex": 1,
                  "flexDirection": "row",
                }
              }
            >
              <Text
                onPress={[Function]}
                style={
                  Array [
                    Object {
                      "alignSelf": "center",
                      "flex": 1,
                      "position": "absolute",
                      "zIndex": 999,
                    },
                    Object {
                      "fontSize": 14,
                      "transform": Array [
                        Object {
                          "translateX": 6,
                        },
                        Object {
                          "translateY": 0,
                        },
                      ],
                    },
                    Object {
                      "color": undefined,
                    },
                  ]
                }
              />
              <TextInput
                onBlur={[Function]}
                onChangeText={[Function]}
                onFocus={[Function]}
                onSubmitEditing={[Function]}
                placeholder=""
                secureTextEntry={false}
                style={
                  Object {
                    "color": "#000",
                    "flex": 1,
                    "minHeight": 28,
                    "paddingVertical": 0,
                    "zIndex": 997,
                  }
                }
                value=""
              />
            </View>
          </View>
        </View>
        <View
          accessible={true}
          focusable={true}
          onClick={[Function]}
          onLayout={[Function]}
          onResponderGrant={[Function]}
          onResponderMove={[Function]}
          onResponderRelease={[Function]}
          onResponderTerminate={[Function]}
          onResponderTerminationRequest={[Function]}
          onStartShouldSetResponder={[Function]}
          style={
            Object {
              "flexDirection": "row",
              "flexGrow": 1,
            }
          }
        >
          <View
            style={
              Object {
                "alignContent": "center",
                "alignItems": "center",
                "backgroundColor": "#00000000",
                "borderColor": "#49658c",
                "borderRadius": 12,
                "borderWidth": 2,
                "color": "#49658c",
                "flex": 1,
                "flexDirection": "row",
                "justifyContent": "center",
                "paddingBottom": 10,
                "paddingHorizontal": 11,
                "paddingTop": 10,
                "zIndex": 993,
              }
            }
          >
            <View
              style={
                Object {
                  "flex": 1,
                  "flexDirection": "row",
                }
              }
            >
              <Text
                onPress={[Function]}
                style={
                  Array [
                    Object {
                      "alignSelf": "center",
                      "flex": 1,
                      "position": "absolute",
                      "zIndex": 999,
                    },
                    Object {
                      "fontSize": 14,
                      "transform": Array [
                        Object {
                          "translateX": 6,
                        },
                        Object {
                          "translateY": 0,
                        },
                      ],
                    },
                    Object {
                      "color": undefined,
                    },
                  ]
                }
              />
              <TextInput
                keyboardType="number-pad"
                onBlur={[Function]}
                onChangeText={[Function]}
                onFocus={[Function]}
                onSubmitEditing={[Function]}
                placeholder=""
                secureTextEntry={false}
                style={
                  Object {
                    "color": "#000",
                    "flex": 1,
                    "minHeight": 28,
                    "paddingVertical": 0,
                    "zIndex": 997,
                  }
                }
                value=""
              />
            </View>
          </View>
        </View>
        <View
          accessible={true}
          focusable={true}
          onClick={[Function]}
          onLayout={[Function]}
          onResponderGrant={[Function]}
          onResponderMove={[Function]}
          onResponderRelease={[Function]}
          onResponderTerminate={[Function]}
          onResponderTerminationRequest={[Function]}
          onStartShouldSetResponder={[Function]}
          style={
            Object {
              "flexDirection": "row",
              "flexGrow": 1,
            }
          }
        >
          <View
            style={
              Object {
                "alignContent": "center",
                "alignItems": "center",
                "backgroundColor": "#00000000",
                "borderColor": "#49658c",
                "borderRadius": 12,
                "borderWidth": 2,
                "color": "#49658c",
                "flex": 1,
                "flexDirection": "row",
                "justifyContent": "center",
                "paddingBottom": 10,
                "paddingHorizontal": 11,
                "paddingTop": 10,
                "zIndex": 993,
              }
            }
          >
            <View
              style={
                Object {
                  "flex": 1,
                  "flexDirection": "row",
                }
              }
            >
              <Text
                onPress={[Function]}
                style={
                  Array [
                    Object {
                      "alignSelf": "center",
                      "flex": 1,
                      "position": "absolute",
                      "zIndex": 999,
                    },
                    Object {
                      "fontSize": 14,
                      "transform": Array [
                        Object {
                          "translateX": 6,
                        },
                        Object {
                          "translateY": 0,
                        },
                      ],
                    },
                    Object {
                      "color": undefined,
                    },
                  ]
                }
              />
              <TextInput
                keyboardType="number-pad"
                onBlur={[Function]}
                onChangeText={[Function]}
                onFocus={[Function]}
                onSubmitEditing={[Function]}
                placeholder=""
                secureTextEntry={false}
                style={
                  Object {
                    "color": "#000",
                    "flex": 1,
                    "minHeight": 28,
                    "paddingVertical": 0,
                    "zIndex": 997,
                  }
                }
                value=""
              />
            </View>
          </View>
        </View>
        <View
          accessible={true}
          focusable={true}
          onClick={[Function]}
          onLayout={[Function]}
          onResponderGrant={[Function]}
          onResponderMove={[Function]}
          onResponderRelease={[Function]}
          onResponderTerminate={[Function]}
          onResponderTerminationRequest={[Function]}
          onStartShouldSetResponder={[Function]}
          style={
            Object {
              "flexDirection": "row",
              "flexGrow": 1,
            }
          }
        >
          <View
            style={
              Object {
                "alignContent": "center",
                "alignItems": "center",
                "backgroundColor": "#00000000",
                "borderColor": "#49658c",
                "borderRadius": 12,
                "borderWidth": 2,
                "color": "#49658c",
                "flex": 1,
                "flexDirection": "row",
                "justifyContent": "center",
                "paddingBottom": 10,
                "paddingHorizontal": 11,
                "paddingTop": 10,
                "zIndex": 993,
              }
            }
          >
            <View
              style={
                Object {
                  "flex": 1,
                  "flexDirection": "row",
                }
              }
            >
              <Text
                onPress={[Function]}
                style={
                  Array [
                    Object {
                      "alignSelf": "center",
                      "flex": 1,
                      "position": "absolute",
                      "zIndex": 999,
                    },
                    Object {
                      "fontSize": 14,
                      "transform": Array [
                        Object {
                          "translateX": 6,
                        },
                        Object {
                          "translateY": 0,
                        },
                      ],
                    },
                    Object {
                      "color": undefined,
                    },
                  ]
                }
              />
              <TextInput
                numberOfLines={3}
                onBlur={[Function]}
                onChangeText={[Function]}
                onFocus={[Function]}
                onSubmitEditing={[Function]}
                placeholder=""
                secureTextEntry={false}
                style={
                  Object {
                    "color": "#000",
                    "flex": 1,
                    "minHeight": 28,
                    "paddingVertical": 0,
                    "zIndex": 997,
                  }
                }
                value=""
              />
            </View>
          </View>
        </View>
      </View>
      <View
        accessible={true}
        collapsable={false}
        focusable={true}
        onBlur={[Function]}
        onClick={[Function]}
        onFocus={[Function]}
        onResponderGrant={[Function]}
        onResponderMove={[Function]}
        onResponderRelease={[Function]}
        onResponderTerminate={[Function]}
        onResponderTerminationRequest={[Function]}
        onStartShouldSetResponder={[Function]}
        style={
          Object {
            "alignSelf": "center",
            "backgroundColor": "grey",
            "borderRadius": 15,
            "marginTop": 82,
            "padding": 10,
          }
        }
      >
        <View
          style={
            Object {
              "alignItems": "center",
              "flexDirection": "row",
              "justifyContent": "center",
            }
          }
        >
          <Text
            allowFontScaling={false}
            selectable={false}
            style={
              Array [
                Object {
                  "color": "#FFF",
                  "fontSize": 16,
                },
                undefined,
                Object {
                  "fontFamily": "FontAwesome5Free-Solid",
                  "fontStyle": "normal",
                  "fontWeight": "normal",
                },
                Object {
                  "fontWeight": "900",
                },
              ]
            }
          >
            
          </Text>
          <Text
            style={
              Array [
                Object {
                  "fontFamily": "Roboto-Bold",
                  "fontSize": 26.5,
                  "fontWeight": "bold",
                },
                Object {
                  "color": "#FFF",
                  "paddingLeft": 10,
                },
              ]
            }
          >
            Add Inventory
          </Text>
        </View>
      </View>
    </View>
  </View>
</RCTScrollView>
`;
